------------------------------------------------------------
Timing Analyzer Summary
------------------------------------------------------------

Type  : Slow 1200mV 85C Model Setup 'clk'
Slack : -16.156
TNS   : -16113.947

Type  : Slow 1200mV 85C Model Setup 'open_risc_v:open_risc_v_inst|if_id:if_id_inst|rom_flag'
Slack : -14.478
TNS   : -602.600

Type  : Slow 1200mV 85C Model Hold 'open_risc_v:open_risc_v_inst|if_id:if_id_inst|rom_flag'
Slack : -4.818
TNS   : -103.218

Type  : Slow 1200mV 85C Model Hold 'clk'
Slack : 0.037
TNS   : 0.000

Type  : Slow 1200mV 85C Model Recovery 'clk'
Slack : -1.276
TNS   : -39.767

Type  : Slow 1200mV 85C Model Removal 'clk'
Slack : 1.187
TNS   : 0.000

Type  : Slow 1200mV 85C Model Minimum Pulse Width 'clk'
Slack : -3.201
TNS   : -2622.410

Type  : Slow 1200mV 85C Model Minimum Pulse Width 'open_risc_v:open_risc_v_inst|if_id:if_id_inst|rom_flag'
Slack : -1.947
TNS   : -610.935

Type  : Slow 1200mV 0C Model Setup 'clk'
Slack : -15.221
TNS   : -15200.498

Type  : Slow 1200mV 0C Model Setup 'open_risc_v:open_risc_v_inst|if_id:if_id_inst|rom_flag'
Slack : -13.777
TNS   : -575.682

Type  : Slow 1200mV 0C Model Hold 'open_risc_v:open_risc_v_inst|if_id:if_id_inst|rom_flag'
Slack : -4.347
TNS   : -91.835

Type  : Slow 1200mV 0C Model Hold 'clk'
Slack : 0.146
TNS   : 0.000

Type  : Slow 1200mV 0C Model Recovery 'clk'
Slack : -1.126
TNS   : -33.465

Type  : Slow 1200mV 0C Model Removal 'clk'
Slack : 1.095
TNS   : 0.000

Type  : Slow 1200mV 0C Model Minimum Pulse Width 'clk'
Slack : -3.201
TNS   : -2622.410

Type  : Slow 1200mV 0C Model Minimum Pulse Width 'open_risc_v:open_risc_v_inst|if_id:if_id_inst|rom_flag'
Slack : -2.063
TNS   : -547.537

Type  : Fast 1200mV 0C Model Setup 'clk'
Slack : -6.706
TNS   : -6244.684

Type  : Fast 1200mV 0C Model Setup 'open_risc_v:open_risc_v_inst|if_id:if_id_inst|rom_flag'
Slack : -6.215
TNS   : -244.644

Type  : Fast 1200mV 0C Model Hold 'open_risc_v:open_risc_v_inst|if_id:if_id_inst|rom_flag'
Slack : -2.255
TNS   : -48.824

Type  : Fast 1200mV 0C Model Hold 'clk'
Slack : -0.143
TNS   : -0.336

Type  : Fast 1200mV 0C Model Recovery 'clk'
Slack : -0.030
TNS   : -0.486

Type  : Fast 1200mV 0C Model Removal 'clk'
Slack : 0.502
TNS   : 0.000

Type  : Fast 1200mV 0C Model Minimum Pulse Width 'clk'
Slack : -3.000
TNS   : -1755.277

Type  : Fast 1200mV 0C Model Minimum Pulse Width 'open_risc_v:open_risc_v_inst|if_id:if_id_inst|rom_flag'
Slack : -0.691
TNS   : -137.973

------------------------------------------------------------
